
> vite-react-typescript-starter@0.0.0 test:retrieval
> tsx knowledge/retrieval-test-runner.ts

D:\mailbox-plus-website\mailbox-plus-website\knowledge\retrieval-test-runner.ts:27
    throw new Error('GEMINI_API_KEY environment variable is required');
          ^

Error: GEMINI_API_KEY environment variable is required
    at <anonymous> (D:\mailbox-plus-website\mailbox-plus-website\knowledge\retrieval-test-runner.ts:27:11)
    at ModuleJob.run (node:internal/modules/esm/module_job:413:25)
    at async onImport.tracePromise.__proto__ (node:internal/modules/esm/loader:660:26)
    at async asyncRunEntryPointWithESMLoader (node:internal/modules/run_main:101:5)

Node.js v24.12.0
